
> dragonwave-backend@1.0.0 test
> jest

node.exe : FAIL backend/tests/validation.t
est.js
At line:1 char:1
+ & "C:\Program Files\nodejs/node.exe" "C:
\Program Files\nodejs/node_mo ...
+ ~~~~~~~~~~~~~~~~~~~~~~~~~~~~~~~~~~~~~~~~
~~~~~~~~~~~~~~~~~~~~~~~~~~~~~
    + CategoryInfo          : NotSpecifie 
   d: (FAIL backend/tests/validation.tes  
  t.js:String) [], RemoteException
    + FullyQualifiedErrorId : NativeComma 
   ndError
 
  validation.js tests
    validateRacerData
      ÔłÜ should return null for valid dat
a (2 ms)
      ÔłÜ should return error if email is 
too long (1 ms)
      ÔłÜ should return error if members c
ount > 20
      ÔłÜ should return error if a member 
name is too long
    normalizeCategoryToSlug
      ├Ś should normalize known category n
ames correctly (3 ms)
      ÔłÜ should return original string if
 not matched
      ÔłÜ should return empty string for e
mpty input (1 ms)

  ÔŚĆ validation.js tests ÔÇ║ normalizeCat
egoryToSlug ÔÇ║ should normalize known cat
egory names correctly

    expect(received).toBe(expected) // Obj
ect.is equality

    Expected: "turakajak_ferfi_1"
    Received: "F├ęrfi t├║rakajak egyes"

    [0m [90m 43 |[39m         it([32m'
should normalize known category names corr
ectly'[39m[33m,[39m () [33m=>[39m {
     [90m 44 |[39m             expect(no
rmalizeCategoryToSlug([32m'N┼Ĺi versenyka
jak egyes'[39m))[33m.[39mtoBe([32m'ver
senykajak_noi_1'[39m)[33m;[39m
    [31m[1m>[22m[39m[90m 45 |[39m   
          expect(normalizeCategoryToSlug(
[32m'F├ęrfi t├║rakajak egyes'[39m))[33m.
[39mtoBe([32m'turakajak_ferfi_1'[39m)[
33m;[39m
     [90m    |[39m                      
                                          
      [31m[1m^[22m[39m
     [90m 46 |[39m             expect(no
rmalizeCategoryToSlug([32m'S├írk├ínyhaj├│
'[39m))[33m.[39mtoBe([32m'sarkanyhajo_
otproba'[39m)[33m;[39m
     [90m 47 |[39m             expect(no
rmalizeCategoryToSlug([32m'Sarkanyhajo'[
39m))[33m.[39mtoBe([32m'sarkanyhajo_otp
roba'[39m)[33m;[39m
     [90m 48 |[39m         })[33m;[39m
[0m

      at Object.toBe (backend/tests/valida
tion.test.js:45:70)

Test Suites: 1 failed, 1 total
Tests:       1 failed, 6 passed, 7 total
Snapshots:   0 total
Time:        0.381 s, estimated 1 s
Ran all test suites.
